// Jest Snapshot v1, https://goo.gl/fbAQLP

exports[`AddTask tests should display component correctly 1`] = `
<Fragment>
  <form>
    <p>
      Title: 
    </p>
     
    <input
      name="title"
    />
    <p>
      Desc: 
    </p>
     
    <input
      name="desc"
    />
    <p>
      Done: 
    </p>
     
    <input
      name="done"
      type="checkbox"
    />
    <button
      type="submit"
    >
      Add task
    </button>
  </form>
  <div>
    <p>
      Preview: 
    </p>
    <p>
      Title: 
    </p>
     
    <input
      readOnly={true}
      value="task title"
    />
    <p>
      Desc: 
    </p>
     
    <input
      readOnly={true}
      value="task desc"
    />
    <p>
      Done: 
    </p>
     
    <input
      checked={false}
      readOnly={true}
      type="checkbox"
    />
  </div>
</Fragment>
`;
